Γùç injecting env (5) from .env // tip: Γùê secrets for agents [www.dotenvx.com]
Starting Real Blockchain & IPFS Test...

[BLOCKCHAIN] -> Packaging Hacker Data for IPFS...
node : IPFS Upload 
Failed: AxiosError: 
Request failed with 
status code 403
At line:1 char:1
+ node 
test_real_blockchain.js > 
test_output.log 2>&1
+ ~~~~~~~~~~~~~~~~~~~~~~~~
~~~~~~~~~~~~~~~~~~~~~~~~~~
~
    + CategoryInfo        
      : NotSpecified: (I  
  PFS Upload Fai...stat   
 us code 403:String) [    
], RemoteException
    + FullyQualifiedError 
   Id : NativeCommandErr  
  or
 
    at settle (file:///C:/
Users/Admin/Desktop/Yono/n
ode_modules/axios/lib/core
/settle.js:20:7)
    at IncomingMessage.han
dleStreamEnd (file:///C:/U
sers/Admin/Desktop/Yono/no
de_modules/axios/lib/adapt
ers/http.js:847:13)
    at 
IncomingMessage.emit 
(node:events:520:35)
    at endReadableNT (node
:internal/streams/readable
:1701:12)
    at process.processTick
sAndRejections (node:inter
nal/process/task_queues:89
:21)
    at Axios.request (file
:///C:/Users/Admin/Desktop
/Yono/node_modules/axios/l
ib/core/Axios.js:46:41)
    at process.processTick
sAndRejections (node:inter
nal/process/task_queues:10
3:5)
    at async uploadToIPFS 
(file:///C:/Users/Admin/De
sktop/Yono/blockchainServi
ce.js:25:26)
    at async 
recordHackerTelemetry (fil
e:///C:/Users/Admin/Deskto
p/Yono/blockchainService.j
s:68:26)
    at async runTest (file
:///C:/Users/Admin/Desktop
/Yono/test_real_blockchain
.js:16:20) {
  isAxiosError: true,
  code: 'ERR_BAD_REQUEST',
  config: {
    transitional: {
      silentJSONParsing: 
true,
      forcedJSONParsing: 
true,
      
clarifyTimeoutError: 
false,
      legacyInterceptorReq
ResOrdering: true
    },
    adapter: [ 'xhr', 
'http', 'fetch' ],
    transformRequest: [ 
[Function: 
transformRequest] ],
    transformResponse: [ 
[Function: 
transformResponse] ],
    timeout: 0,
    xsrfCookieName: 
'XSRF-TOKEN',
    xsrfHeaderName: 
'X-XSRF-TOKEN',
    maxContentLength: -1,
    maxBodyLength: -1,
    env: { FormData: 
[Function], Blob: [class 
Blob] },
    validateStatus: 
[Function: 
validateStatus],
    headers: Object 
[AxiosHeaders] {
      Accept: 
'application/json, 
text/plain, */*',
      'Content-Type': 
'application/json',
      pinata_api_key: 
'0496beb807ab01d977e3',
      
pinata_secret_api_key: 'cb
ae52e31a9fe527fedc51e9b5ed
3ae3e8f8c1cbd339bbe9660602
0bbc27c06c',
      'User-Agent': 
'axios/1.14.0',
      'Content-Length': 
'310',
      'Accept-Encoding': 
'gzip, compress, deflate, 
br'
    },
    method: 'post',
    url: 'https://api.pina
ta.cloud/pinning/pinJSONTo
IPFS',
    data: '{"pinataContent
":{"userId":"REAL_TEST_HAC
KER_1","action":"login_bru
te_force","failedAttempts"
:15,"ip":"192.168.1.100","
device":"Mozilla/5.0 
(Windows NT 10.0; Win64; 
x64) AppleWebKit/537.36","
behaviorScore":95,"timesta
mp":"2026-04-05T01:36:51.4
76Z"},"pinataMetadata":{"n
ame":"hacker_report_177535
3011485.json"}}',
    allowAbsoluteUrls: 
true
  },
  request: <ref *1> 
ClientRequest {
    _events: [Object: 
null prototype] {
      abort: [Function 
(anonymous)],
      aborted: [Function 
(anonymous)],
      connect: [Function 
(anonymous)],
      error: [Function 
(anonymous)],
      socket: [Function 
(anonymous)],
      timeout: [Function 
(anonymous)],
      finish: [Function: 
requestOnFinish]
    },
    _eventsCount: 7,
    _maxListeners: 
undefined,
    outputData: [],
    outputSize: 0,
    writable: true,
    destroyed: true,
    _last: false,
    chunkedEncoding: 
false,
    shouldKeepAlive: true,
    maxRequestsOnConnectio
nReached: false,
    _defaultKeepAlive: 
true,
    useChunkedEncodingByDe
fault: true,
    sendDate: false,
    _removedConnection: 
false,
    _removedContLen: 
false,
    _removedTE: false,
    strictContentLength: 
false,
    _contentLength: 310,
    _hasBody: true,
    _trailer: '',
    finished: true,
    _headerSent: true,
    _closed: true,
    _header: 'POST 
/pinning/pinJSONToIPFS 
HTTP/1.1\r\n' +
      'Accept: 
application/json, 
text/plain, */*\r\n' +
      'Content-Type: 
application/json\r\n' +
      'pinata_api_key: 
0496beb807ab01d977e3\r\n' 
+
      
'pinata_secret_api_key: cb
ae52e31a9fe527fedc51e9b5ed
3ae3e8f8c1cbd339bbe9660602
0bbc27c06c\r\n' +
      'User-Agent: 
axios/1.14.0\r\n' +
      'Content-Length: 
310\r\n' +
      'Accept-Encoding: 
gzip, compress, deflate, 
br\r\n' +
      'Host: 
api.pinata.cloud\r\n' +
      'Connection: 
keep-alive\r\n' +
      '\r\n',
    _keepAliveTimeout: 0,
    _onPendingData: 
[Function: nop],
    agent: Agent {
      _events: [Object: 
null prototype],
      _eventsCount: 2,
      _maxListeners: 
undefined,
      options: [Object: 
null prototype],
      defaultPort: 443,
      protocol: 'https:',
      requests: [Object: 
null prototype] {},
      sockets: [Object: 
null prototype] {},
      freeSockets: 
[Object: null prototype],
      keepAliveMsecs: 
1000,
      keepAlive: true,
      maxSockets: 
Infinity,
      maxFreeSockets: 256,
      scheduling: 'lifo',
      maxTotalSockets: 
Infinity,
      totalSocketCount: 1,
      agentKeepAliveTimeou
tBuffer: 1000,
      maxCachedSessions: 
100,
      _sessionCache: 
[Object],
      Symbol(shapeMode): 
false,
      Symbol(kCapture): 
false
    },
    socketPath: undefined,
    method: 'POST',
    maxHeaderSize: 
undefined,
    insecureHTTPParser: 
undefined,
    joinDuplicateHeaders: 
undefined,
    path: 
'/pinning/pinJSONToIPFS',
    _ended: true,
    res: IncomingMessage {
      _events: [Object],
      _readableState: 
[ReadableState],
      _maxListeners: 
undefined,
      socket: null,
      httpVersionMajor: 1,
      httpVersionMinor: 1,
      httpVersion: '1.1',
      complete: true,
      rawHeaders: [Array],
      rawTrailers: [],
      
joinDuplicateHeaders: 
undefined,
      aborted: false,
      upgrade: false,
      url: '',
      method: null,
      statusCode: 403,
      statusMessage: 
'Forbidden',
      client: [TLSSocket],
      _consuming: false,
      _dumped: false,
      req: [Circular *1],
      _eventsCount: 4,
      responseUrl: 'https:
//api.pinata.cloud/pinning
/pinJSONToIPFS',
      redirects: [],
      Symbol(shapeMode): 
true,
      Symbol(kCapture): 
false,
      Symbol(kHeaders): 
[Object],
      
Symbol(kHeadersCount): 26,
      Symbol(kTrailers): 
null,
      
Symbol(kTrailersCount): 0
    },
    aborted: false,
    timeoutCb: null,
    upgradeOrConnect: 
false,
    parser: null,
    maxHeadersCount: null,
    reusedSocket: false,
    host: 
'api.pinata.cloud',
    protocol: 'https:',
    _redirectable: 
Writable {
      _events: [Object],
      _writableState: 
[WritableState],
      _maxListeners: 
undefined,
      _options: [Object],
      _ended: true,
      _ending: true,
      _redirectCount: 0,
      _redirects: [],
      _requestBodyLength: 
310,
      
_requestBodyBuffers: [],
      _eventsCount: 3,
      _onNativeResponse: 
[Function (anonymous)],
      _currentRequest: 
[Circular *1],
      _currentUrl: 'https:
//api.pinata.cloud/pinning
/pinJSONToIPFS',
      _timeout: null,
      Symbol(shapeMode): 
true,
      Symbol(kCapture): 
false
    },
    Symbol(shapeMode): 
false,
    Symbol(kCapture): 
false,
    
Symbol(kBytesWritten): 0,
    Symbol(kNeedDrain): 
false,
    Symbol(corked): 0,
    
Symbol(kChunkedBuffer): 
[],
    
Symbol(kChunkedLength): 0,
    Symbol(kSocket): 
TLSSocket {
      _tlsOptions: 
[Object],
      _secureEstablished: 
true,
      _securePending: 
false,
      _newSessionPending: 
false,
      _controlReleased: 
true,
      secureConnecting: 
false,
      _SNICallback: null,
      servername: 
'api.pinata.cloud',
      alpnProtocol: false,
      authorized: true,
      authorizationError: 
null,
      encrypted: true,
      _events: [Object: 
null prototype],
      _eventsCount: 9,
      connecting: false,
      _hadError: false,
      _parent: null,
      _host: 
'api.pinata.cloud',
      
_closeAfterHandlingError: 
false,
      _readableState: 
[ReadableState],
      _writableState: 
[WritableState],
      allowHalfOpen: 
false,
      _maxListeners: 
undefined,
      _sockname: null,
      _pendingData: null,
      _pendingEncoding: 
'',
      server: undefined,
      _server: null,
      ssl: null,
      _requestCert: true,
      
_rejectUnauthorized: true,
      timeout: 5000,
      parser: null,
      _httpMessage: null,
      autoSelectFamilyAtte
mptedAddresses: [Array],
      handle: [TLSWrap],
      
Symbol(alpncallback): 
null,
      Symbol(res): 
[TLSWrap],
      Symbol(verified): 
true,
      
Symbol(pendingSession): 
null,
      
Symbol(async_id_symbol): 
-1,
      Symbol(kHandle): 
[TLSWrap],
      Symbol(lastWriteQueu
eSize): 0,
      Symbol(timeout): 
Timeout {
        _idleTimeout: 
5000,
        _idlePrev: 
[TimersList],
        _idleNext: 
[TimersList],
        _idleStart: 2370,
        _onTimeout: 
[Function: bound ],
        _timerArgs: 
undefined,
        _repeat: null,
        _destroyed: false,
        Symbol(refed): 
false,
        
Symbol(kHasPrimitive): 
false,
        Symbol(asyncId): 
34,
        
Symbol(triggerId): 32,
        Symbol(kAsyncConte
xtFrame): undefined
      },
      Symbol(kBuffer): 
null,
      Symbol(kBufferCb): 
null,
      Symbol(kBufferGen): 
null,
      Symbol(shapeMode): 
true,
      Symbol(kCapture): 
false,
      
Symbol(kSetNoDelay): 
false,
      
Symbol(kSetKeepAlive): 
true,
      Symbol(kSetKeepAlive
InitialDelay): 1,
      Symbol(kBytesRead): 
0,
      
Symbol(kBytesWritten): 0,
      
Symbol(connect-options): 
[Object]
    },
    Symbol(kOutHeaders): 
[Object: null prototype] {
      accept: [Array],
      'content-type': 
[Array],
      pinata_api_key: 
[Array],
      
pinata_secret_api_key: 
[Array],
      'user-agent': 
[Array],
      'content-length': 
[Array],
      'accept-encoding': 
[Array],
      host: [Array]
    },
    Symbol(errored): null,
    
Symbol(kHighWaterMark): 
16384,
    Symbol(kRejectNonStand
ardBodyWrites): false,
    
Symbol(kUniqueHeaders): 
null
  },
  response: {
    status: 403,
    statusText: 
'Forbidden',
    headers: Object 
[AxiosHeaders] {
      date: 'Sun, 05 Apr 
2026 01:36:53 GMT',
      'content-type': 
'application/json; 
charset=utf-8',
      'content-length': 
'112',
      connection: 
'keep-alive',
      'x-powered-by': 
'Express',
      vary: 'Origin',
      'access-control-allo
w-credentials': 'true',
      
'x-ratelimit-limit': 
'180',
      
'x-ratelimit-remaining': 
'179',
      
'x-ratelimit-reset': 
'1775353074',
      etag: 'W/"70-0+aG4CH
MevzaESS9+GBApcS24AU"',
      'strict-transport-se
curity': 
'max-age=15724800; 
includeSubDomains',
      'x-request-id': '540
e3f7d248b1b7d4a182844452c3
07f'
    },
    config: {
      transitional: 
[Object],
      adapter: [Array],
      transformRequest: 
[Array],
      transformResponse: 
[Array],
      timeout: 0,
      xsrfCookieName: 
'XSRF-TOKEN',
      xsrfHeaderName: 
'X-XSRF-TOKEN',
      maxContentLength: 
-1,
      maxBodyLength: -1,
      env: [Object],
      validateStatus: 
[Function: 
validateStatus],
      headers: [Object 
[AxiosHeaders]],
      method: 'post',
      url: 'https://api.pi
nata.cloud/pinning/pinJSON
ToIPFS',
      data: '{"pinataConte
nt":{"userId":"REAL_TEST_H
ACKER_1","action":"login_b
rute_force","failedAttempt
s":15,"ip":"192.168.1.100"
,"device":"Mozilla/5.0 
(Windows NT 10.0; Win64; 
x64) AppleWebKit/537.36","
behaviorScore":95,"timesta
mp":"2026-04-05T01:36:51.4
76Z"},"pinataMetadata":{"n
ame":"hacker_report_177535
3011485.json"}}',
      allowAbsoluteUrls: 
true
    },
    request: <ref *1> 
ClientRequest {
      _events: [Object: 
null prototype],
      _eventsCount: 7,
      _maxListeners: 
undefined,
      outputData: [],
      outputSize: 0,
      writable: true,
      destroyed: true,
      _last: false,
      chunkedEncoding: 
false,
      shouldKeepAlive: 
true,
      maxRequestsOnConnect
ionReached: false,
      _defaultKeepAlive: 
true,
      useChunkedEncodingBy
Default: true,
      sendDate: false,
      _removedConnection: 
false,
      _removedContLen: 
false,
      _removedTE: false,
      
strictContentLength: 
false,
      _contentLength: 310,
      _hasBody: true,
      _trailer: '',
      finished: true,
      _headerSent: true,
      _closed: true,
      _header: 'POST 
/pinning/pinJSONToIPFS 
HTTP/1.1\r\n' +
        'Accept: 
application/json, 
text/plain, */*\r\n' +
        'Content-Type: 
application/json\r\n' +
        'pinata_api_key: 
0496beb807ab01d977e3\r\n' 
+
        
'pinata_secret_api_key: cb
ae52e31a9fe527fedc51e9b5ed
3ae3e8f8c1cbd339bbe9660602
0bbc27c06c\r\n' +
        'User-Agent: 
axios/1.14.0\r\n' +
        'Content-Length: 
310\r\n' +
        'Accept-Encoding: 
gzip, compress, deflate, 
br\r\n' +
        'Host: 
api.pinata.cloud\r\n' +
        'Connection: 
keep-alive\r\n' +
        '\r\n',
      _keepAliveTimeout: 
0,
      _onPendingData: 
[Function: nop],
      agent: [Agent],
      socketPath: 
undefined,
      method: 'POST',
      maxHeaderSize: 
undefined,
      insecureHTTPParser: 
undefined,
      
joinDuplicateHeaders: 
undefined,
      path: 
'/pinning/pinJSONToIPFS',
      _ended: true,
      res: 
[IncomingMessage],
      aborted: false,
      timeoutCb: null,
      upgradeOrConnect: 
false,
      parser: null,
      maxHeadersCount: 
null,
      reusedSocket: false,
      host: 
'api.pinata.cloud',
      protocol: 'https:',
      _redirectable: 
[Writable],
      Symbol(shapeMode): 
false,
      Symbol(kCapture): 
false,
      
Symbol(kBytesWritten): 0,
      Symbol(kNeedDrain): 
false,
      Symbol(corked): 0,
      
Symbol(kChunkedBuffer): 
[],
      
Symbol(kChunkedLength): 0,
      Symbol(kSocket): 
[TLSSocket],
      
Symbol(kOutHeaders): 
[Object: null prototype],
      Symbol(errored): 
null,
      
Symbol(kHighWaterMark): 
16384,
      Symbol(kRejectNonSta
ndardBodyWrites): false,
      
Symbol(kUniqueHeaders): 
null
    },
    data: { error: 
[Object] }
  },
  status: 403
}
[BLOCKCHAIN] Telemetry 
Pipeline Failed 
AxiosError: Request 
failed with status code 
403
    at settle (file:///C:/
Users/Admin/Desktop/Yono/n
ode_modules/axios/lib/core
/settle.js:20:7)
    at IncomingMessage.han
dleStreamEnd (file:///C:/U
sers/Admin/Desktop/Yono/no
de_modules/axios/lib/adapt
ers/http.js:847:13)
    at 
IncomingMessage.emit 
(node:events:520:35)
    at endReadableNT (node
:internal/streams/readable
:1701:12)
    at process.processTick
sAndRejections (node:inter
nal/process/task_queues:89
:21)
    at Axios.request (file
:///C:/Users/Admin/Desktop
/Yono/node_modules/axios/l
ib/core/Axios.js:46:41)
    at process.processTick
sAndRejections (node:inter
nal/process/task_queues:10
3:5)
    at async uploadToIPFS 
(file:///C:/Users/Admin/De
sktop/Yono/blockchainServi
ce.js:25:26)
    at async 
recordHackerTelemetry (fil
e:///C:/Users/Admin/Deskto
p/Yono/blockchainService.j
s:68:26)
    at async runTest (file
:///C:/Users/Admin/Desktop
/Yono/test_real_blockchain
.js:16:20) {
  isAxiosError: true,
  code: 'ERR_BAD_REQUEST',
  config: {
    transitional: {
      silentJSONParsing: 
true,
      forcedJSONParsing: 
true,
      
clarifyTimeoutError: 
false,
      legacyInterceptorReq
ResOrdering: true
    },
    adapter: [ 'xhr', 
'http', 'fetch' ],
    transformRequest: [ 
[Function: 
transformRequest] ],
    transformResponse: [ 
[Function: 
transformResponse] ],
    timeout: 0,
    xsrfCookieName: 
'XSRF-TOKEN',
    xsrfHeaderName: 
'X-XSRF-TOKEN',
    maxContentLength: -1,
    maxBodyLength: -1,
    env: { FormData: 
[Function], Blob: [class 
Blob] },
    validateStatus: 
[Function: 
validateStatus],
    headers: Object 
[AxiosHeaders] {
      Accept: 
'application/json, 
text/plain, */*',
      'Content-Type': 
'application/json',
      pinata_api_key: 
'0496beb807ab01d977e3',
      
pinata_secret_api_key: 'cb
ae52e31a9fe527fedc51e9b5ed
3ae3e8f8c1cbd339bbe9660602
0bbc27c06c',
      'User-Agent': 
'axios/1.14.0',
      'Content-Length': 
'310',
      'Accept-Encoding': 
'gzip, compress, deflate, 
br'
    },
    method: 'post',
    url: 'https://api.pina
ta.cloud/pinning/pinJSONTo
IPFS',
    data: '{"pinataContent
":{"userId":"REAL_TEST_HAC
KER_1","action":"login_bru
te_force","failedAttempts"
:15,"ip":"192.168.1.100","
device":"Mozilla/5.0 
(Windows NT 10.0; Win64; 
x64) AppleWebKit/537.36","
behaviorScore":95,"timesta
mp":"2026-04-05T01:36:51.4
76Z"},"pinataMetadata":{"n
ame":"hacker_report_177535
3011485.json"}}',
    allowAbsoluteUrls: 
true
  },
  request: <ref *1> 
ClientRequest {
    _events: [Object: 
null prototype] {
      abort: [Function 
(anonymous)],
      aborted: [Function 
(anonymous)],
      connect: [Function 
(anonymous)],
      error: [Function 
(anonymous)],
      socket: [Function 
(anonymous)],
      timeout: [Function 
(anonymous)],
      finish: [Function: 
requestOnFinish]
    },
    _eventsCount: 7,
    _maxListeners: 
undefined,
    outputData: [],
    outputSize: 0,
    writable: true,
    destroyed: true,
    _last: false,
    chunkedEncoding: 
false,
    shouldKeepAlive: true,
    maxRequestsOnConnectio
nReached: false,
    _defaultKeepAlive: 
true,
    useChunkedEncodingByDe
fault: true,
    sendDate: false,
    _removedConnection: 
false,
    _removedContLen: 
false,
    _removedTE: false,
    strictContentLength: 
false,
    _contentLength: 310,
    _hasBody: true,
    _trailer: '',
    finished: true,
    _headerSent: true,
    _closed: true,
    _header: 'POST 
/pinning/pinJSONToIPFS 
HTTP/1.1\r\n' +
      'Accept: 
application/json, 
text/plain, */*\r\n' +
      'Content-Type: 
application/json\r\n' +
      'pinata_api_key: 
0496beb807ab01d977e3\r\n' 
+
      
'pinata_secret_api_key: cb
ae52e31a9fe527fedc51e9b5ed
3ae3e8f8c1cbd339bbe9660602
0bbc27c06c\r\n' +
      'User-Agent: 
axios/1.14.0\r\n' +
      'Content-Length: 
310\r\n' +
      'Accept-Encoding: 
gzip, compress, deflate, 
br\r\n' +
      'Host: 
api.pinata.cloud\r\n' +
      'Connection: 
keep-alive\r\n' +
      '\r\n',
    _keepAliveTimeout: 0,
    _onPendingData: 
[Function: nop],
    agent: Agent {
      _events: [Object: 
null prototype],
      _eventsCount: 2,
      _maxListeners: 
undefined,
      options: [Object: 
null prototype],
      defaultPort: 443,
      protocol: 'https:',
      requests: [Object: 
null prototype] {},
      sockets: [Object: 
null prototype] {},
      freeSockets: 
[Object: null prototype],
      keepAliveMsecs: 
1000,
      keepAlive: true,
      maxSockets: 
Infinity,
      maxFreeSockets: 256,
      scheduling: 'lifo',
      maxTotalSockets: 
Infinity,
      totalSocketCount: 1,
      agentKeepAliveTimeou
tBuffer: 1000,
      maxCachedSessions: 
100,
      _sessionCache: 
[Object],
      Symbol(shapeMode): 
false,
      Symbol(kCapture): 
false
    },
    socketPath: undefined,
    method: 'POST',
    maxHeaderSize: 
undefined,
    insecureHTTPParser: 
undefined,
    joinDuplicateHeaders: 
undefined,
    path: 
'/pinning/pinJSONToIPFS',
    _ended: true,
    res: IncomingMessage {
      _events: [Object],
      _readableState: 
[ReadableState],
      _maxListeners: 
undefined,
      socket: null,
      httpVersionMajor: 1,
      httpVersionMinor: 1,
      httpVersion: '1.1',
      complete: true,
      rawHeaders: [Array],
      rawTrailers: [],
      
joinDuplicateHeaders: 
undefined,
      aborted: false,
      upgrade: false,
      url: '',
      method: null,
      statusCode: 403,
      statusMessage: 
'Forbidden',
      client: [TLSSocket],
      _consuming: false,
      _dumped: false,
      req: [Circular *1],
      _eventsCount: 4,
      responseUrl: 'https:
//api.pinata.cloud/pinning
/pinJSONToIPFS',
      redirects: [],
      Symbol(shapeMode): 
true,
      Symbol(kCapture): 
false,
      Symbol(kHeaders): 
[Object],
      
Symbol(kHeadersCount): 26,
      Symbol(kTrailers): 
null,
      
Symbol(kTrailersCount): 0
    },
    aborted: false,
    timeoutCb: null,
    upgradeOrConnect: 
false,
    parser: null,
    maxHeadersCount: null,
    reusedSocket: false,
    host: 
'api.pinata.cloud',
    protocol: 'https:',
    _redirectable: 
Writable {
      _events: [Object],
      _writableState: 
[WritableState],
      _maxListeners: 
undefined,
      _options: [Object],
      _ended: true,
      _ending: true,
      _redirectCount: 0,
      _redirects: [],
      _requestBodyLength: 
310,
      
_requestBodyBuffers: [],
      _eventsCount: 3,
      _onNativeResponse: 
[Function (anonymous)],
      _currentRequest: 
[Circular *1],
      _currentUrl: 'https:
//api.pinata.cloud/pinning
/pinJSONToIPFS',
      _timeout: null,
      Symbol(shapeMode): 
true,
      Symbol(kCapture): 
false
    },
    Symbol(shapeMode): 
false,
    Symbol(kCapture): 
false,
    
Symbol(kBytesWritten): 0,
    Symbol(kNeedDrain): 
false,
    Symbol(corked): 0,
    
Symbol(kChunkedBuffer): 
[],
    
Symbol(kChunkedLength): 0,
    Symbol(kSocket): 
TLSSocket {
      _tlsOptions: 
[Object],
      _secureEstablished: 
true,
      _securePending: 
false,
      _newSessionPending: 
false,
      _controlReleased: 
true,
      secureConnecting: 
false,
      _SNICallback: null,
      servername: 
'api.pinata.cloud',
      alpnProtocol: false,
      authorized: true,
      authorizationError: 
null,
      encrypted: true,
      _events: [Object: 
null prototype],
      _eventsCount: 9,
      connecting: false,
      _hadError: false,
      _parent: null,
      _host: 
'api.pinata.cloud',
      
_closeAfterHandlingError: 
false,
      _readableState: 
[ReadableState],
      _writableState: 
[WritableState],
      allowHalfOpen: 
false,
      _maxListeners: 
undefined,
      _sockname: null,
Γ¥î FAILED: Request failed with status code 403
      _pendingData: null,
      _pendingEncoding: 
'',
      server: undefined,
      _server: null,
      ssl: null,
      _requestCert: true,
      
_rejectUnauthorized: true,
      timeout: 5000,
      parser: null,
      _httpMessage: null,
      autoSelectFamilyAtte
mptedAddresses: [Array],
      handle: [TLSWrap],
      
Symbol(alpncallback): 
null,
      Symbol(res): 
[TLSWrap],
      Symbol(verified): 
true,
      
Symbol(pendingSession): 
null,
      
Symbol(async_id_symbol): 
-1,
      Symbol(kHandle): 
[TLSWrap],
      Symbol(lastWriteQueu
eSize): 0,
      Symbol(timeout): 
Timeout {
        _idleTimeout: 
5000,
        _idlePrev: 
[TimersList],
        _idleNext: 
[TimersList],
        _idleStart: 2370,
        _onTimeout: 
[Function: bound ],
        _timerArgs: 
undefined,
        _repeat: null,
        _destroyed: false,
        Symbol(refed): 
false,
        
Symbol(kHasPrimitive): 
false,
        Symbol(asyncId): 
34,
        
Symbol(triggerId): 32,
        Symbol(kAsyncConte
xtFrame): undefined
      },
      Symbol(kBuffer): 
null,
      Symbol(kBufferCb): 
null,
      Symbol(kBufferGen): 
null,
      Symbol(shapeMode): 
true,
      Symbol(kCapture): 
false,
      
Symbol(kSetNoDelay): 
false,
      
Symbol(kSetKeepAlive): 
true,
      Symbol(kSetKeepAlive
InitialDelay): 1,
      Symbol(kBytesRead): 
0,
      
Symbol(kBytesWritten): 0,
      
Symbol(connect-options): 
[Object]
    },
    Symbol(kOutHeaders): 
[Object: null prototype] {
      accept: [Array],
      'content-type': 
[Array],
      pinata_api_key: 
[Array],
      
pinata_secret_api_key: 
[Array],
      'user-agent': 
[Array],
      'content-length': 
[Array],
      'accept-encoding': 
[Array],
      host: [Array]
    },
    Symbol(errored): null,
    
Symbol(kHighWaterMark): 
16384,
    Symbol(kRejectNonStand
ardBodyWrites): false,
    
Symbol(kUniqueHeaders): 
null
  },
  response: {
    status: 403,
    statusText: 
'Forbidden',
    headers: Object 
[AxiosHeaders] {
      date: 'Sun, 05 Apr 
2026 01:36:53 GMT',
      'content-type': 
'application/json; 
charset=utf-8',
      'content-length': 
'112',
      connection: 
'keep-alive',
      'x-powered-by': 
'Express',
      vary: 'Origin',
      'access-control-allo
w-credentials': 'true',
      
'x-ratelimit-limit': 
'180',
      
'x-ratelimit-remaining': 
'179',
      
'x-ratelimit-reset': 
'1775353074',
      etag: 'W/"70-0+aG4CH
MevzaESS9+GBApcS24AU"',
      'strict-transport-se
curity': 
'max-age=15724800; 
includeSubDomains',
      'x-request-id': '540
e3f7d248b1b7d4a182844452c3
07f'
    },
    config: {
      transitional: 
[Object],
      adapter: [Array],
      transformRequest: 
[Array],
      transformResponse: 
[Array],
      timeout: 0,
      xsrfCookieName: 
'XSRF-TOKEN',
      xsrfHeaderName: 
'X-XSRF-TOKEN',
      maxContentLength: 
-1,
      maxBodyLength: -1,
      env: [Object],
      validateStatus: 
[Function: 
validateStatus],
      headers: [Object 
[AxiosHeaders]],
      method: 'post',
      url: 'https://api.pi
nata.cloud/pinning/pinJSON
ToIPFS',
      data: '{"pinataConte
nt":{"userId":"REAL_TEST_H
ACKER_1","action":"login_b
rute_force","failedAttempt
s":15,"ip":"192.168.1.100"
,"device":"Mozilla/5.0 
(Windows NT 10.0; Win64; 
x64) AppleWebKit/537.36","
behaviorScore":95,"timesta
mp":"2026-04-05T01:36:51.4
76Z"},"pinataMetadata":{"n
ame":"hacker_report_177535
3011485.json"}}',
      allowAbsoluteUrls: 
true
    },
    request: <ref *1> 
ClientRequest {
      _events: [Object: 
null prototype],
      _eventsCount: 7,
      _maxListeners: 
undefined,
      outputData: [],
      outputSize: 0,
      writable: true,
      destroyed: true,
      _last: false,
      chunkedEncoding: 
false,
      shouldKeepAlive: 
true,
      maxRequestsOnConnect
ionReached: false,
      _defaultKeepAlive: 
true,
      useChunkedEncodingBy
Default: true,
      sendDate: false,
      _removedConnection: 
false,
      _removedContLen: 
false,
      _removedTE: false,
      
strictContentLength: 
false,
      _contentLength: 310,
      _hasBody: true,
      _trailer: '',
      finished: true,
      _headerSent: true,
      _closed: true,
      _header: 'POST 
/pinning/pinJSONToIPFS 
HTTP/1.1\r\n' +
        'Accept: 
application/json, 
text/plain, */*\r\n' +
        'Content-Type: 
application/json\r\n' +
        'pinata_api_key: 
0496beb807ab01d977e3\r\n' 
+
        
'pinata_secret_api_key: cb
ae52e31a9fe527fedc51e9b5ed
3ae3e8f8c1cbd339bbe9660602
0bbc27c06c\r\n' +
        'User-Agent: 
axios/1.14.0\r\n' +
        'Content-Length: 
310\r\n' +
        'Accept-Encoding: 
gzip, compress, deflate, 
br\r\n' +
        'Host: 
api.pinata.cloud\r\n' +
        'Connection: 
keep-alive\r\n' +
        '\r\n',
      _keepAliveTimeout: 
0,
      _onPendingData: 
[Function: nop],
      agent: [Agent],
      socketPath: 
undefined,
      method: 'POST',
      maxHeaderSize: 
undefined,
      insecureHTTPParser: 
undefined,
      
joinDuplicateHeaders: 
undefined,
      path: 
'/pinning/pinJSONToIPFS',
      _ended: true,
      res: 
[IncomingMessage],
      aborted: false,
      timeoutCb: null,
      upgradeOrConnect: 
false,
      parser: null,
      maxHeadersCount: 
null,
      reusedSocket: false,
      host: 
'api.pinata.cloud',
      protocol: 'https:',
      _redirectable: 
[Writable],
      Symbol(shapeMode): 
false,
      Symbol(kCapture): 
false,
      
Symbol(kBytesWritten): 0,
      Symbol(kNeedDrain): 
false,
      Symbol(corked): 0,
      
Symbol(kChunkedBuffer): 
[],
      
Symbol(kChunkedLength): 0,
      Symbol(kSocket): 
[TLSSocket],
      
Symbol(kOutHeaders): 
[Object: null prototype],
      Symbol(errored): 
null,
      
Symbol(kHighWaterMark): 
16384,
      Symbol(kRejectNonSta
ndardBodyWrites): false,
      
Symbol(kUniqueHeaders): 
null
    },
    data: { error: 
[Object] }
  },
  status: 403
}
